[debug] [2026-09-13T19:02:22.657Z] ----------------------------------------------------------------------
[debug] [2026-09-13T19:02:22.658Z] Command:       /opt/homebrew/Cellar/node/26.4.0/bin/node /opt/homebrew/bin/firebase projects:create korean-app --display-name Hangugeo
[debug] [2026-09-13T19:02:22.658Z] CLI Version:   15.11.0
[debug] [2026-09-13T19:02:22.658Z] Platform:      darwin
[debug] [2026-09-13T19:02:22.658Z] Node Version:  v26.4.0
[debug] [2026-09-13T19:02:22.658Z] Time:          Mon Sep 14 2026 00:32:22 GMT+0530 (India Standard Time)
[debug] [2026-09-13T19:02:22.658Z] ----------------------------------------------------------------------
[debug] 
[debug] [2026-09-13T19:02:22.661Z] > command requires scopes: ["email","openid","https://www.googleapis.com/auth/cloudplatformprojects.readonly","https://www.googleapis.com/auth/firebase","https://www.googleapis.com/auth/cloud-platform"]
[debug] [2026-09-13T19:02:22.661Z] > authorizing via signed-in user (codebyanushka@gmail.com)
[debug] [2026-09-13T19:02:22.662Z] Checked if tokens are valid: true, expires at: 1789329699796
[debug] [2026-09-13T19:02:22.662Z] Checked if tokens are valid: true, expires at: 1789329699796
[debug] [2026-09-13T19:02:22.663Z] >>> [apiv2][query] POST https://cloudresourcemanager.googleapis.com/v1/projects [none]
[debug] [2026-09-13T19:02:22.663Z] >>> [apiv2][body] POST https://cloudresourcemanager.googleapis.com/v1/projects {"projectId":"korean-app","name":"Hangugeo"}
[debug] [2026-09-13T19:02:24.281Z] <<< [apiv2][status] POST https://cloudresourcemanager.googleapis.com/v1/projects 409
[debug] [2026-09-13T19:02:24.281Z] <<< [apiv2][body] POST https://cloudresourcemanager.googleapis.com/v1/projects {"error":{"code":409,"message":"Requested entity already exists","status":"ALREADY_EXISTS"}}
[debug] [2026-09-13T19:02:24.283Z] FirebaseError: Request to https://cloudresourcemanager.googleapis.com/v1/projects had HTTP Error: 409, Requested entity already exists
    at responseToError (/opt/homebrew/lib/node_modules/firebase-tools/lib/responseToError.js:53:12)
    at RetryOperation._fn (/opt/homebrew/lib/node_modules/firebase-tools/lib/apiv2.js:333:77)
    at process.processTicksAndRejections (node:internal/process/task_queues:104:5)
[error] 
[error] Error: Failed to create project because there is already a project with ID korean-app. Please try again with a unique project ID.
[debug] [2026-09-13T19:02:24.712Z] ----------------------------------------------------------------------
[debug] [2026-09-13T19:02:24.714Z] Command:       /opt/homebrew/Cellar/node/26.4.0/bin/node /opt/homebrew/bin/firebase projects:create learn-korean-app --display-name Hangugeo
[debug] [2026-09-13T19:02:24.714Z] CLI Version:   15.11.0
[debug] [2026-09-13T19:02:24.714Z] Platform:      darwin
[debug] [2026-09-13T19:02:24.714Z] Node Version:  v26.4.0
[debug] [2026-09-13T19:02:24.714Z] Time:          Mon Sep 14 2026 00:32:24 GMT+0530 (India Standard Time)
[debug] [2026-09-13T19:02:24.714Z] ----------------------------------------------------------------------
[debug] 
[debug] [2026-09-13T19:02:24.717Z] > command requires scopes: ["email","openid","https://www.googleapis.com/auth/cloudplatformprojects.readonly","https://www.googleapis.com/auth/firebase","https://www.googleapis.com/auth/cloud-platform"]
[debug] [2026-09-13T19:02:24.717Z] > authorizing via signed-in user (codebyanushka@gmail.com)
[debug] [2026-09-13T19:02:24.718Z] Checked if tokens are valid: true, expires at: 1789329699796
[debug] [2026-09-13T19:02:24.718Z] Checked if tokens are valid: true, expires at: 1789329699796
[debug] [2026-09-13T19:02:24.718Z] >>> [apiv2][query] POST https://cloudresourcemanager.googleapis.com/v1/projects [none]
[debug] [2026-09-13T19:02:24.718Z] >>> [apiv2][body] POST https://cloudresourcemanager.googleapis.com/v1/projects {"projectId":"learn-korean-app","name":"Hangugeo"}
[debug] [2026-09-13T19:02:26.275Z] <<< [apiv2][status] POST https://cloudresourcemanager.googleapis.com/v1/projects 409
[debug] [2026-09-13T19:02:26.276Z] <<< [apiv2][body] POST https://cloudresourcemanager.googleapis.com/v1/projects {"error":{"code":409,"message":"Requested entity already exists","status":"ALREADY_EXISTS"}}
[debug] [2026-09-13T19:02:26.278Z] FirebaseError: Request to https://cloudresourcemanager.googleapis.com/v1/projects had HTTP Error: 409, Requested entity already exists
    at responseToError (/opt/homebrew/lib/node_modules/firebase-tools/lib/responseToError.js:53:12)
    at RetryOperation._fn (/opt/homebrew/lib/node_modules/firebase-tools/lib/apiv2.js:333:77)
    at process.processTicksAndRejections (node:internal/process/task_queues:104:5)
[error] 
[error] Error: Failed to create project because there is already a project with ID learn-korean-app. Please try again with a unique project ID.
[debug] [2026-09-13T19:02:26.739Z] ----------------------------------------------------------------------
[debug] [2026-09-13T19:02:26.740Z] Command:       /opt/homebrew/Cellar/node/26.4.0/bin/node /opt/homebrew/bin/firebase projects:create koreanvocab --display-name Hangugeo
[debug] [2026-09-13T19:02:26.740Z] CLI Version:   15.11.0
[debug] [2026-09-13T19:02:26.740Z] Platform:      darwin
[debug] [2026-09-13T19:02:26.740Z] Node Version:  v26.4.0
[debug] [2026-09-13T19:02:26.740Z] Time:          Mon Sep 14 2026 00:32:26 GMT+0530 (India Standard Time)
[debug] [2026-09-13T19:02:26.740Z] ----------------------------------------------------------------------
[debug] 
[debug] [2026-09-13T19:02:26.742Z] > command requires scopes: ["email","openid","https://www.googleapis.com/auth/cloudplatformprojects.readonly","https://www.googleapis.com/auth/firebase","https://www.googleapis.com/auth/cloud-platform"]
[debug] [2026-09-13T19:02:26.742Z] > authorizing via signed-in user (codebyanushka@gmail.com)
[debug] [2026-09-13T19:02:26.744Z] Checked if tokens are valid: true, expires at: 1789329699796
[debug] [2026-09-13T19:02:26.744Z] Checked if tokens are valid: true, expires at: 1789329699796
[debug] [2026-09-13T19:02:26.744Z] >>> [apiv2][query] POST https://cloudresourcemanager.googleapis.com/v1/projects [none]
[debug] [2026-09-13T19:02:26.744Z] >>> [apiv2][body] POST https://cloudresourcemanager.googleapis.com/v1/projects {"projectId":"koreanvocab","name":"Hangugeo"}
[debug] [2026-09-13T19:02:28.247Z] <<< [apiv2][status] POST https://cloudresourcemanager.googleapis.com/v1/projects 409
[debug] [2026-09-13T19:02:28.248Z] <<< [apiv2][body] POST https://cloudresourcemanager.googleapis.com/v1/projects {"error":{"code":409,"message":"Requested entity already exists","status":"ALREADY_EXISTS"}}
[debug] [2026-09-13T19:02:28.250Z] FirebaseError: Request to https://cloudresourcemanager.googleapis.com/v1/projects had HTTP Error: 409, Requested entity already exists
    at responseToError (/opt/homebrew/lib/node_modules/firebase-tools/lib/responseToError.js:53:12)
    at RetryOperation._fn (/opt/homebrew/lib/node_modules/firebase-tools/lib/apiv2.js:333:77)
    at process.processTicksAndRejections (node:internal/process/task_queues:104:5)
[error] 
[error] Error: Failed to create project because there is already a project with ID koreanvocab. Please try again with a unique project ID.
